This is pdfTeX, Version 3.141592653-2.6-1.40.29 (MiKTeX 26.5) (preloaded format=pdflatex 2026.8.11)  11 AUG 2026 22:55
entering extended mode
 restricted \write18 enabled.
 %&-line parsing enabled.
**./pasguide.tex
(pasguide.tex
LaTeX2e <2026-06-01>
L3 programming layer <2026-06-18>
(pas.cls
Document Class: pas 2021/04/29 v1.0 Standard LaTeX document class
\tempcount=\count276
\affcount=\count277
\afftempcount=\count278
\tempaffcount=\count279
\instcount=\count280
\insttempcount=\count281
\tempinstcount=\count282
\deptcount=\count283
\depttempcount=\count284
\tempdeptcount=\count285
\streetcount=\count286
\streettempcount=\count287
\tempstreetcount=\count288
\citycount=\count289
\citytempcount=\count290
\tempcitycount=\count291
\statecount=\count292
\statetempcount=\count293
\tempstatecount=\count294
\postcodecount=\count295
\postcodetempcount=\count296
\temppostcodecount=\count297
\countrycount=\count298
\countrytempcount=\count299
\tempcountrycount=\count300
\refvaluecount=\count301
\temprefvaluecount=\count302
\refvaluetempcount=\count303
\enunheadcount=\count304
\tempenunheadcount=\count305
\enuntempcount=\count306
\algheadcount=\count307
\tempalgheadcount=\count308
\algtempcount=\count309
\authorcount=\count310
\tempauthorcount=\count311
\authorcommacount=\count312
\authortempcount=\count313
\keywordcount=\count314
\keytempcount=\count315
\tempkeywordcount=\count316
\minute=\count317
\hour=\count318
\authorcount=\count319
\tempaffilcount=\count320
\authorcount=\count321
\tempauthorcount=\count322
\affiliationcount=\count323
\tempaffiliationcount=\count324
\tempcount=\count325
\affilcount=\count326
\affiltempcount=\count327
\tempaffilcount=\count328
\membercount=\count329
\membertempcount=\count330
\tempmembercount=\count331
\historycount=\count332
\historytempcount=\count333
\temphistorycount=\count334
\historycount=\count335
\historytempcount=\count336
\temphistorycount=\count337
\symtempcount=\count338
\tfootcount=\count339
\temptfootcount=\count340
\tbodycount=\count341
\tgroupcount=\count342
\bcount=\count343
\ncount=\count344
\ccount=\count345
\acomcount=\count346
\tempacomcount=\count347
\acomtempcount=\count348
\TotalCharCount=\count349
\auquerycount=\count350
\querycheckcount=\count351
\tempauquerycount=\count352
\seccount=\count353
\authcount=\count354
\SCOUNT=\count355
\HCOUNT=\count356
\fpcount=\count357
\viper@penalty=\count358
\AQpage=\count359
\AQlpage=\count360
\c@theorem=\count361
\c@afrfilnote=\count362
\c@part=\count363
\c@chapter=\count364
\c@HLtitle=\count365
\c@section=\count366
\c@subsection=\count367
\c@subsubsection=\count368
\c@paragraph=\count369
\c@subparagraph=\count370
\c@HLsection=\count371
\c@HLsubsection=\count372
\c@HLsubsubsection=\count373
\c@HLparagraph=\count374
\c@HLsubparagraph=\count375
\c@subsubparagraph=\count376
\c@subsubsubparagraph=\count377
\c@HLsubsubparagraph=\count378
\c@HLsubsubsubparagraph=\count379
\c@ncount=\count380
\c@figure=\count381
\c@table=\count382
\c@samp=\count383
\c@abscount=\count384
\c@startendpage=\count385
\trimwidthval=\dimen150
\trimwidthbleedval=\dimen151
\trimheightval=\dimen152
\trimheightbleedval=\dimen153
\draftrule=\dimen154
\trimrule=\dimen155
\tempdimen=\dimen156
\normaltextheight=\dimen157
\blindfoliodrop=\dimen158
\enumdim=\dimen159
\figheight=\dimen160
\figwidth=\dimen161
\tabledim=\dimen162
\mathindent=\dimen163
\emathindent=\dimen164
\bibindent=\dimen165
\metaleftskip=\dimen166
\metarightskip=\dimen167
\@partialpageht=\dimen168
\storedboxheight=\dimen169
\LabelSep=\dimen170
\leftmarginvii=\dimen171
\leftmarginviii=\dimen172
\leftmarginix=\dimen173
\leftmarginx=\dimen174
\enumdimwd=\dimen175
\itemleftmargin=\dimen176
\itemlabelsep=\dimen177
\descleftmargin=\dimen178
\desclabelsep=\dimen179
\figcadimen=\dimen180
\captionwidth=\dimen181
\figindent=\dimen182
\figwidthcapdimen=\dimen183
\exfigdimwd=\dimen184
\figdim=\dimen185
\tabledim=\dimen186
\sidetskip=\dimen187
\sideverticalskip=\dimen188
\tablecaptionheight=\dimen189
\sidetskip=\dimen190
\sideverticalskip=\dimen191
\tablewidth=\dimen192
\tablewidthshade=\dimen193
\fboxtablewidth=\dimen194
\tablewidth=\dimen195
\extratableheight=\dimen196
\tablebodywidth=\dimen197
\tableheight=\dimen198
\fboxgrtypewidth=\dimen199
\toprulewidth=\dimen256
\midrulewidth=\dimen257
\botrulewidth=\dimen258
\cmidrulewidth=\dimen259
\belowrulesep=\dimen260
\belowbottomsep=\dimen261
\aboverulesep=\dimen262
\abovetopsep=\dimen263
\cmidrulesep=\dimen264
\cmidrulekern=\dimen265
\defaultaddspace=\dimen266
\@thisrulewidth=\dimen267
\foot@parindent=\dimen268
\ptdraftrule=\dimen269
\ptdraftrule=\dimen270
\temptextheight=\dimen271
\bibindent=\dimen272
\bibleftmargin=\dimen273
\bibitemsep=\dimen274
\bibparsep=\dimen275
\bibtext=\dimen276
\biblabelsep=\dimen277
\bibleftmargini=\dimen278
\chapwidth=\dimen279
\secnwidth=\dimen280
\subsecnwidth=\dimen281
\subsubsecnwidth=\dimen282
\pldim=\dimen283
\authorcontentwidth=\dimen284
\@ctocsecmaxnumdim=\dimen285
\ctocsecnwidth=\dimen286
\@secmaxnumdim=\dimen287
\secnwidth=\dimen288
\@ctocsubsecmaxnumdim=\dimen289
\ctocsubsecnwidth=\dimen290
\@subsecmaxnumdim=\dimen291
\subsecnwidth=\dimen292
\@figuremaxnumdim=\dimen293
\figurecontwidth=\dimen294
\@tablemaxnumdim=\dimen295
\tablecontwidth=\dimen296
\tempdim=\dimen297
\presentfigwidth=\dimen298
\oldfigwidth=\dimen299
\remainingtextwidth=\dimen300
\letterwidth=\dimen301
\letterheight=\dimen302
\legalwidth=\dimen303
\legalheight=\dimen304
\tabloidwidth=\dimen305
\tabloidheight=\dimen306
\@tempdima=\dimen307
\@tempdimb=\dimen308
\@tempdimc=\dimen309
\@tempdimd=\dimen310
\@tempdime=\dimen311
\deflistmaxskip=\dimen312
\deflistskip=\dimen313
\myskip=\dimen314
\ht@viper=\dimen315
\hisbox=\box53
\tempbox=\box54
\abstractbox=\box55
\store@outputbox=\box56
\keywordbox=\box57
\subbox=\box58
\tabimagebox=\box59
\citybox=\box60
\statebox=\box61
\pscodebox=\box62
\countrybox=\box63
\addlinebox=\box64
\instbox=\box65
\instnamebox=\box66
\deptbox=\box67
\zipbox=\box68
\provincebox=\box69
\phonebox=\box70
\faxbox=\box71
\deflistbox=\box72
\boxBibH=\box73
\onlinefibox=\box74
\onlinefiibox=\box75
\v@aaa=\box76
\v@ccc=\box77
\authrun=\box78
\plainCOPbox=\box79
\colorCOPbox=\box80
\chap@tempbox=\box81
\tempabox=\box82
\figcapbox=\box83
\figtempbox=\box84
\tabcapbox=\box85
\tablefootbox=\box86
\temptbox=\box87
\tempttbox=\box88
\temptttbox=\box89
\tempttttbox=\box90
\tabletempboxsecond=\box91
\tabletempboxthird=\box92
\boxcont=\box93
\normalbaselineskip=\skip49
\tableleftskip=\skip50
\tablerightskip=\skip51
\tabnoteleftskip=\skip52
\tabnoterightskip=\skip53
\colmargin=\skip54
\texttypewidthsep=\skip55
\authorbelowskip=\skip56
\headlineindent=\skip57
\instindent=\skip58
\topsepi=\skip59
\topsepii=\skip60
\topsepiii=\skip61
\topsepiv=\skip62
\topsepv=\skip63
\topsepvi=\skip64
\topsepvii=\skip65
\topsepviii=\skip66
\topsepix=\skip67
\topsepx=\skip68
\itemsepi=\skip69
\itemsepii=\skip70
\itemsepiii=\skip71
\itemsepiv=\skip72
\itemsepv=\skip73
\itemsepvi=\skip74
\itemsepvii=\skip75
\itemsepviii=\skip76
\itemsepix=\skip77
\itemsepx=\skip78
\listtextleftmargin=\skip79
\listtextleftmarginii=\skip80
\listtextleftmarginiii=\skip81
\listtextleftmarginiv=\skip82
\listtextleftmarginv=\skip83
\listtextleftmarginvi=\skip84
\listtextleftmarginvii=\skip85
\listtextleftmarginviii=\skip86
\listtextleftmarginix=\skip87
\listtextleftmarginx=\skip88
\listtextrightmargin=\skip89
\listlabelleftskip=\skip90
\listlabelleftskipii=\skip91
\listlabelleftskipiii=\skip92
\listlabelleftskipiv=\skip93
\listlabelleftskipv=\skip94
\listlabelleftskipvi=\skip95
\listlabelleftskipvii=\skip96
\listlabelleftskipviii=\skip97
\listlabelleftskipix=\skip98
\listlabelleftskipx=\skip99
\abovelistskipi=\skip100
\belowlistskipi=\skip101
\abovelistskipii=\skip102
\belowlistskipii=\skip103
\abovelistskipiii=\skip104
\belowlistskipiii=\skip105
\abovelistskipiv=\skip106
\belowlistskipiv=\skip107
\abovelistskipv=\skip108
\belowlistskipv=\skip109
\abovelistskipvi=\skip110
\belowlistskipvi=\skip111
\abovelistskipvii=\skip112
\belowlistskipvii=\skip113
\abovelistskipviii=\skip114
\belowlistskipviii=\skip115
\abovelistskipix=\skip116
\belowlistskipix=\skip117
\abovelistskipx=\skip118
\belowlistskipx=\skip119
\labelsepi=\skip120
\labelsepii=\skip121
\labelsepiii=\skip122
\labelsepiv=\skip123
\labelsepv=\skip124
\labelsepvi=\skip125
\labelsepvii=\skip126
\labelsepviii=\skip127
\labelsepix=\skip128
\labelsepx=\skip129
\unnumlistitemindent=\skip130
\unnumlisttextskip=\skip131
\figcaptionleftskip=\skip132
\figcaptionrightskip=\skip133
\figleftskip=\skip134
\figrightskip=\skip135
\adjustskip=\skip136
\sidetskip=\skip137
\sideverticalskip=\skip138
\fignumcapsep=\skip139
\figcapdescsep=\skip140
\tableleftskip=\skip141
\tablerightskip=\skip142
\tablecapleftskip=\skip143
\tablecaprightskip=\skip144
\sideverticalskip=\skip145
\sidetskip=\skip146
\addtotablewidth=\skip147
\tablenumcapsep=\skip148
\tablefootleftskip=\skip149
\tablefootrightskip=\skip150
\manshowtfootskip=\skip151
\footnoteabovespace=\skip152
\fixfmbmcontentwidth=\skip153
\fixauthorcontentwidth=\skip154
\fixchapcontentwidth=\skip155
\enspacechapcontentwidth=\skip156
\ctocfixsectioncontentwidth=\skip157
\ctocenspacesectioncontentwidth=\skip158
\ctocfixsubsectioncontentwidth=\skip159
\ctocenspacesubsectioncontentwidth=\skip160
\enspacefigurecontentwidth=\skip161
\fixfigurecontentwidth=\skip162
\fixtablecontentwidth=\skip163
\enspacetablecontentwidth=\skip164
\@mathmargin=\skip165
\verbatimindent=\skip166
\CRskip=\skip167
\subtitleval=\skip168
\abovecaptionskip=\skip169
\belowcaptionskip=\skip170
\belowtabcaptionskip=\skip171
\trimwidth=\skip172
\trimheight=\skip173
\typewidth=\skip174
\typeheight=\skip175
\authorrunning=\toks17
\titrun=\box94
\titlerunning=\toks18
\tocauthor=\toks19
\toctitle=\toks20
\CharCounttoks=\toks21
(C:\Users\ghade\AppData\Local\Programs\MiKTeX1\tex/latex/etex-pkg\etex.sty
Package: etex 2016/08/01 v2.7 eTeX basic definition package (PEB,DPC)


Package etex Warning: Extended allocation already in use.
(etex)                etex.sty code will not be used.
(etex)                To force etex package to load, add
(etex)                \RequirePackage{etex}
(etex)                at the start of the document.

) (C:\Users\ghade\AppData\Local\Programs\MiKTeX1\tex/latex/amscls\amsthm.sty
Package: amsthm 2020/05/29 v2.20.6
\thm@style=\toks22
\thm@bodyfont=\toks23
\thm@headfont=\toks24
\thm@notefont=\toks25
\thm@headpunct=\toks26
\thm@preskip=\skip176
\thm@postskip=\skip177
\thm@headsep=\skip178
\dth@everypar=\toks27
)
(C:\Users\ghade\AppData\Local\Programs\MiKTeX1\tex/generic/soul\soul.sty
Package: soul 2026-03-06 v3.2 Permit use of UTF-8 characters in soul (HO)

(C:\Users\ghade\AppData\Local\Programs\MiKTeX1\tex/generic/soul\soul-ori.sty
Package: soul-ori 2026-03-06 v3.2 letterspacing/underlining (mf)
\SOUL@word=\toks28
\SOUL@lasttoken=\toks29
\SOUL@syllable=\toks30
\SOUL@cmds=\toks31
\SOUL@buffer=\toks32
\SOUL@token=\toks33
\SOUL@syllgoal=\dimen316
\SOUL@syllwidth=\dimen317
\SOUL@charkern=\dimen318
\SOUL@hyphkern=\dimen319
\SOUL@dimen=\dimen320
\SOUL@dimeni=\dimen321
\SOUL@minus=\count386
\SOUL@comma=\count387
\SOUL@apo=\count388
\SOUL@grave=\count389
\SOUL@spaceskip=\skip179
\SOUL@ttwidth=\dimen322
\SOUL@uldp=\dimen323
\SOUL@ulht=\dimen324
)
(C:\Users\ghade\AppData\Local\Programs\MiKTeX1\tex/generic/infwarerr\infwarerr.
sty
Package: infwarerr 2019/12/03 v1.5 Providing info/warning/error messages (HO)
)
(C:\Users\ghade\AppData\Local\Programs\MiKTeX1\tex/generic/etexcmds\etexcmds.st
y
Package: etexcmds 2019/12/15 v1.7 Avoid name clashes with e-TeX commands (HO)
 (C:\Users\ghade\AppData\Local\Programs\MiKTeX1\tex/generic/iftex\iftex.sty
Package: iftex 2024/12/12 v1.0g TeX engine tests
))) (C:\Users\ghade\AppData\Local\Programs\MiKTeX1\tex/generic/iftex\ifpdf.sty
Package: ifpdf 2019/10/25 v3.4 ifpdf legacy package. Use iftex instead.
)
(C:\Users\ghade\AppData\Local\Programs\MiKTeX1\tex/latex/epstopdf-pkg\epstopdf.
sty
Package: epstopdf 2020-01-24 v2.11 Conversion with epstopdf on the fly (HO)
 (C:\Users\ghade\AppData\Local\Programs\MiKTeX1\tex/latex/grfext\grfext.sty
Package: grfext 2019/12/03 v1.3 Manage graphics extensions (HO)

(C:\Users\ghade\AppData\Local\Programs\MiKTeX1\tex/generic/kvdefinekeys\kvdefin
ekeys.sty
Package: kvdefinekeys 2019-12-19 v1.6 Define keys (HO)
))
(C:\Users\ghade\AppData\Local\Programs\MiKTeX1\tex/latex/kvoptions\kvoptions.st
y
Package: kvoptions 2022-06-15 v3.15 Key value format for package options (HO)
 (C:\Users\ghade\AppData\Local\Programs\MiKTeX1\tex/latex/graphics\keyval.sty
Package: keyval 2026-05-17 v1.15 key=value parser (DPC)
\KV@toks@=\toks34
) (C:\Users\ghade\AppData\Local\Programs\MiKTeX1\tex/generic/ltxcmds\ltxcmds.st
y
Package: ltxcmds 2023-12-04 v1.26 LaTeX kernel commands for general use (HO)
)
(C:\Users\ghade\AppData\Local\Programs\MiKTeX1\tex/latex/kvsetkeys\kvsetkeys.st
y
Package: kvsetkeys 2022-10-05 v1.19 Key value parser (HO)
))
(C:\Users\ghade\AppData\Local\Programs\MiKTeX1\tex/generic/pdftexcmds\pdftexcmd
s.sty
Package: pdftexcmds 2020-06-27 v0.33 Utility functions of pdfTeX for LuaTeX (HO
)
Package pdftexcmds Info: \pdf@primitive is available.
Package pdftexcmds Info: \pdf@ifprimitive is available.
Package pdftexcmds Info: \pdfdraftmode found.
)
(C:\Users\ghade\AppData\Local\Programs\MiKTeX1\tex/latex/epstopdf-pkg\epstopdf-
base.sty
Package: epstopdf-base 2020-01-24 v2.11 Base part for package epstopdf


Package epstopdf Warning: No graphics package `graphic{s,x}' loaded.

))
(C:\Users\ghade\AppData\Local\Programs\MiKTeX1\tex/latex/graphics\graphicx.sty
Package: graphicx 2026-05-17 v1.2e Enhanced LaTeX Graphics (DPC,SPQR)

(C:\Users\ghade\AppData\Local\Programs\MiKTeX1\tex/latex/graphics\graphics.sty
Package: graphics 2026-05-17 v1.4h Standard LaTeX Graphics (DPC,SPQR)

(C:\Users\ghade\AppData\Local\Programs\MiKTeX1\tex/latex/graphics\trig.sty
Package: trig 2023/12/02 v1.11 sin cos tan (DPC)
)
(C:\Users\ghade\AppData\Local\Programs\MiKTeX1\tex/latex/graphics-cfg\graphics.
cfg
File: graphics.cfg 2016/06/04 v1.11 sample graphics configuration
)
Package graphics Info: Driver file: pdftex.def on input line 106.

(C:\Users\ghade\AppData\Local\Programs\MiKTeX1\tex/latex/graphics-def\pdftex.de
f
File: pdftex.def 2025/09/29 v1.2d Graphics/color driver for pdftex
))
\Gin@req@height=\dimen325
\Gin@req@width=\dimen326
) (C:\Users\ghade\AppData\Local\Programs\MiKTeX1\tex/latex/tools\calc.sty
Package: calc 2025/03/01 v4.3b Infix arithmetic (KKT,FJ)
\calc@Acount=\count390
\calc@Bcount=\count391
\calc@Adimen=\dimen327
\calc@Bdimen=\dimen328
\calc@Askip=\skip180
\calc@Bskip=\skip181
LaTeX Info: Redefining \setlength on input line 86.
LaTeX Info: Redefining \addtolength on input line 87.
\calc@Ccount=\count392
\calc@Cskip=\skip182
)
(C:\Users\ghade\AppData\Local\Programs\MiKTeX1\tex/latex/graphics\color.sty
Package: color 2026-05-17 v1.3f Standard LaTeX Color (DPC)

(C:\Users\ghade\AppData\Local\Programs\MiKTeX1\tex/latex/graphics-cfg\color.cfg
File: color.cfg 2016/01/02 v1.6 sample color configuration
)
Package color Info: Driver file: pdftex.def on input line 149.

(C:\Users\ghade\AppData\Local\Programs\MiKTeX1\tex/latex/graphics\mathcolor.ltx
))
(C:\Users\ghade\AppData\Local\Programs\MiKTeX1\tex/latex/booktabs\booktabs.sty
Package: booktabs 2020/01/12 v1.61803398 Publication quality tables
\heavyrulewidth=\dimen329
\lightrulewidth=\dimen330
\cmidrulewidth=\dimen331
\belowrulesep=\dimen332
\belowbottomsep=\dimen333
\aboverulesep=\dimen334
\abovetopsep=\dimen335
\cmidrulesep=\dimen336
\cmidrulekern=\dimen337
\defaultaddspace=\dimen338
\@cmidla=\count393
\@cmidlb=\count394
\@aboverulesep=\dimen339
\@belowrulesep=\dimen340
\@thisruleclass=\count395
\@lastruleclass=\count396
\@thisrulewidth=\dimen341
) (C:\Users\ghade\AppData\Local\Programs\MiKTeX1\tex/latex/psnfss\mathptmx.sty
Package: mathptmx 2020/03/25 PSNFSS-v9.3 Times w/ Math, improved (SPQR, WaS) 
LaTeX Font Info:    Redeclaring symbol font `operators' on input line 28.
LaTeX Font Info:    Overwriting symbol font `operators' in version `normal'
(Font)                  OT1/cmr/m/n --> OT1/ztmcm/m/n on input line 28.
LaTeX Font Info:    Overwriting symbol font `operators' in version `bold'
(Font)                  OT1/cmr/bx/n --> OT1/ztmcm/m/n on input line 28.
LaTeX Font Info:    Redeclaring symbol font `letters' on input line 29.
LaTeX Font Info:    Overwriting symbol font `letters' in version `normal'
(Font)                  OML/cmm/m/it --> OML/ztmcm/m/it on input line 29.
LaTeX Font Info:    Overwriting symbol font `letters' in version `bold'
(Font)                  OML/cmm/b/it --> OML/ztmcm/m/it on input line 29.
LaTeX Font Info:    Redeclaring symbol font `symbols' on input line 30.
LaTeX Font Info:    Overwriting symbol font `symbols' in version `normal'
(Font)                  OMS/cmsy/m/n --> OMS/ztmcm/m/n on input line 30.
LaTeX Font Info:    Overwriting symbol font `symbols' in version `bold'
(Font)                  OMS/cmsy/b/n --> OMS/ztmcm/m/n on input line 30.
LaTeX Font Info:    Redeclaring symbol font `largesymbols' on input line 31.
LaTeX Font Info:    Overwriting symbol font `largesymbols' in version `normal'
(Font)                  OMX/cmex/m/n --> OMX/ztmcm/m/n on input line 31.
LaTeX Font Info:    Overwriting symbol font `largesymbols' in version `bold'
(Font)                  OMX/cmex/m/n --> OMX/ztmcm/m/n on input line 31.
\symbold=\mathgroup4
\symitalic=\mathgroup5
LaTeX Font Info:    Redeclaring math alphabet \mathbf on input line 34.
LaTeX Font Info:    Overwriting math alphabet `\mathbf' in version `normal'
(Font)                  OT1/cmr/bx/n --> OT1/ptm/bx/n on input line 34.
LaTeX Font Info:    Overwriting math alphabet `\mathbf' in version `bold'
(Font)                  OT1/cmr/bx/n --> OT1/ptm/bx/n on input line 34.
LaTeX Font Info:    Redeclaring math alphabet \mathit on input line 35.
LaTeX Font Info:    Overwriting math alphabet `\mathit' in version `normal'
(Font)                  OT1/cmr/m/it --> OT1/ptm/m/it on input line 35.
LaTeX Font Info:    Overwriting math alphabet `\mathit' in version `bold'
(Font)                  OT1/cmr/bx/it --> OT1/ptm/m/it on input line 35.
LaTeX Info: Redefining \hbar on input line 50.
)
(C:\Users\ghade\AppData\Local\Programs\MiKTeX1\tex/latex/framed\framed.sty
Package: framed 2011/10/22 v 0.96: framed or shaded text with page breaks
\OuterFrameSep=\skip183
\fb@frw=\dimen342
\fb@frh=\dimen343
\FrameRule=\dimen344
\FrameSep=\dimen345
)
(C:\Users\ghade\AppData\Local\Programs\MiKTeX1\tex/latex/graphics\rotating.sty
Package: rotating 2026-05-17 v2.16e rotated objects in LaTeX

(C:\Users\ghade\AppData\Local\Programs\MiKTeX1\tex/latex/base\ifthen.sty
Package: ifthen 2024/03/16 v1.1e Standard LaTeX ifthen package (DPC)
)
\c@r@tfl@t=\count397
\rotFPtop=\skip184
\rotFPbot=\skip185
\rot@float@box=\box95
\rot@mess@toks=\toks35
)

LaTeX Font Warning: Font shape `OT1/cmr/m/n' in size <9.5> not available
(Font)              size <9> substituted on input line 978.

\c@enumv=\count398

LaTeX Warning: Command `\theenumv' already defined -- not changed on input line
 2040.

\c@enumvi=\count399

LaTeX Warning: Command `\theenumvi' already defined -- not changed on input lin
e 2041.

\c@enumvii=\count400

LaTeX Warning: Command `\theenumvii' already defined -- not changed on input li
ne 2042.

\c@enumviii=\count401

LaTeX Warning: Command `\theenumviii' already defined -- not changed on input l
ine 2043.

\c@enumix=\count402

LaTeX Warning: Command `\theenumix' already defined -- not changed on input lin
e 2044.

\c@enumx=\count403

LaTeX Warning: Command `\theenumx' already defined -- not changed on input line
 2045.

\tabcapbox=\box96
\tabbox=\box97
\tabnotebox=\box98
\tablemove=\dimen346
\c@appen=\count404
\@maintab=\write3
(C:\Users\ghade\AppData\Local\Programs\MiKTeX1\tex/latex/hyperref\hyperref.sty
Package: hyperref 2026-06-17 v7.01r Hypertext links for LaTeX

(C:\Users\ghade\AppData\Local\Programs\MiKTeX1\tex/generic/pdfescape\pdfescape.
sty
Package: pdfescape 2019/12/09 v1.15 Implements pdfTeX's escape features (HO)
)
(C:\Users\ghade\AppData\Local\Programs\MiKTeX1\tex/latex/hycolor\hycolor.sty
Package: hycolor 2020-01-27 v1.10 Color options for hyperref/bookmark (HO)
)
(C:\Users\ghade\AppData\Local\Programs\MiKTeX1\tex/latex/hyperref\nameref.sty
Package: nameref 2026-01-29 v2.58 Cross-referencing by name of section

(C:\Users\ghade\AppData\Local\Programs\MiKTeX1\tex/latex/refcount\refcount.sty
Package: refcount 2019/12/15 v3.6 Data extraction from label references (HO)
)
(C:\Users\ghade\AppData\Local\Programs\MiKTeX1\tex/generic/gettitlestring\getti
tlestring.sty
Package: gettitlestring 2019/12/15 v1.6 Cleanup title references (HO)
)
\c@section@level=\count405
)
(C:\Users\ghade\AppData\Local\Programs\MiKTeX1\tex/latex/etoolbox\etoolbox.sty
Package: etoolbox 2025/10/02 v2.5m e-TeX tools for LaTeX (JAW)
\etb@tempcnta=\count406
)
(C:\Users\ghade\AppData\Local\Programs\MiKTeX1\tex/generic/stringenc\stringenc.
sty
Package: stringenc 2019/11/29 v1.12 Convert strings between diff. encodings (HO
)
)
\@linkdim=\dimen347
\Hy@linkcounter=\count407
\Hy@pagecounter=\count408

(C:\Users\ghade\AppData\Local\Programs\MiKTeX1\tex/latex/hyperref\pd1enc.def
File: pd1enc.def 2026-06-17 v7.01r Hyperref: PDFDocEncoding definition (HO)
Now handling font encoding PD1 ...
... no UTF-8 mapping file for font encoding PD1
)
(C:\Users\ghade\AppData\Local\Programs\MiKTeX1\tex/generic/intcalc\intcalc.sty
Package: intcalc 2019/12/15 v1.3 Expandable calculations with integers (HO)
)
\Hy@SavedSpaceFactor=\count409
(C:\Users\ghade\AppData\Local\Programs\MiKTeX1\tex/latex/hyperref\puenc.def
File: puenc.def 2026-06-17 v7.01r Hyperref: PDF Unicode definition (HO)
Now handling font encoding PU ...
... no UTF-8 mapping file for font encoding PU
)
Package hyperref Info: Hyper figures OFF on input line 4199.
Package hyperref Info: Link nesting OFF on input line 4204.
Package hyperref Info: Hyper index ON on input line 4207.
Package hyperref Info: Plain pages OFF on input line 4214.
Package hyperref Info: Backreferencing OFF on input line 4219.
Package hyperref Info: Implicit mode ON; LaTeX internals redefined.
Package hyperref Info: Bookmarks ON on input line 4466.
\c@Hy@tempcnt=\count410

(C:\Users\ghade\AppData\Local\Programs\MiKTeX1\tex/latex/url\url.sty
\Urlmuskip=\muskip17
Package: url 2013/09/16  ver 3.4  Verb mode for urls, etc.
)
LaTeX Info: Redefining \url on input line 4805.
\XeTeXLinkMargin=\dimen348

(C:\Users\ghade\AppData\Local\Programs\MiKTeX1\tex/generic/bitset\bitset.sty
Package: bitset 2019/12/09 v1.3 Handle bit-vector datatype (HO)

(C:\Users\ghade\AppData\Local\Programs\MiKTeX1\tex/generic/bigintcalc\bigintcal
c.sty
Package: bigintcalc 2019/12/15 v1.5 Expandable calculations on big integers (HO
)
))
\Fld@menulength=\count411
\Field@Width=\dimen349
\Fld@charsize=\dimen350
Package hyperref Info: Hyper figures OFF on input line 6091.
Package hyperref Info: Link nesting OFF on input line 6096.
Package hyperref Info: Hyper index ON on input line 6099.
Package hyperref Info: backreferencing OFF on input line 6106.
Package hyperref Info: Link coloring OFF on input line 6111.
Package hyperref Info: Link coloring with OCG OFF on input line 6116.
Package hyperref Info: PDF/A mode OFF on input line 6121.
\Hy@abspage=\count412
\c@Item=\count413
\c@Hfootnote=\count414
)
Package hyperref Info: Driver (autodetected): hpdftex.

(C:\Users\ghade\AppData\Local\Programs\MiKTeX1\tex/latex/hyperref\hpdftex.def
File: hpdftex.def 2026-06-17 v7.01r Hyperref driver for pdfTeX
\Fld@listcount=\count415
\c@bookmark@seq@number=\count416

(C:\Users\ghade\AppData\Local\Programs\MiKTeX1\tex/latex/rerunfilecheck\rerunfi
lecheck.sty
Package: rerunfilecheck 2025-06-21 v1.11 Rerun checks for auxiliary files (HO)

(C:\Users\ghade\AppData\Local\Programs\MiKTeX1\tex/generic/uniquecounter\unique
counter.sty
Package: uniquecounter 2019/12/15 v1.4 Provide unlimited unique counter (HO)
)
Package uniquecounter Info: New unique counter `rerunfilecheck' on input line 2
84.
)
\Hy@SectionHShift=\skip186
)
(C:\Users\ghade\AppData\Local\Programs\MiKTeX1\tex/latex/hypcap\hypcap.sty
Package: hypcap 2024-07-26 v1.13 Adjusting the anchors of captions (HO)

(C:\Users\ghade\AppData\Local\Programs\MiKTeX1\tex/latex/letltxmacro\letltxmacr
o.sty
Package: letltxmacro 2019/12/03 v1.6 Let assignment for LaTeX macros (HO)
))
Package hyperref Info: Option `draft' set `false' on input line 3890.


Package hyperref Warning: Option `dvips' has already been used,
(hyperref)                setting the option has no effect on input line 3890.

Package hyperref Info: Option `colorlinks' set `true' on input line 3890.
Package hyperref Info: Option `bookmarksopen' set `true' on input line 3890.
Package hyperref Info: Option `breaklinks' set `true' on input line 3890.
(C:\Users\ghade\AppData\Local\Programs\MiKTeX1\tex/latex/breakurl\breakurl.sty
Package: breakurl 2013/04/10 v1.40 Breakable hyperref URLs

(C:\Users\ghade\AppData\Local\Programs\MiKTeX1\tex/latex/xkeyval\xkeyval.sty
Package: xkeyval 2022/06/16 v2.9 package option processing (HA)

(C:\Users\ghade\AppData\Local\Programs\MiKTeX1\tex/generic/xkeyval\xkeyval.tex
(C:\Users\ghade\AppData\Local\Programs\MiKTeX1\tex/generic/xkeyval\xkvutils.tex
\XKV@toks=\toks36
\XKV@tempa@toks=\toks37
)
\XKV@depth=\count417
File: xkeyval.tex 2014/12/03 v2.7a key=value parser (HA)
))

Package breakurl Warning: You are using breakurl while processing via pdflatex.

(breakurl)                \burl will be just a synonym of \url.
(breakurl)                 on input line 48.

)
(C:\Users\ghade\AppData\Local\Programs\MiKTeX1\tex/latex/bookmark\bookmark.sty
Package: bookmark 2026-05-21 v1.32 PDF bookmarks (HO)

(C:\Users\ghade\AppData\Local\Programs\MiKTeX1\tex/latex/l3backend\l3backend-pd
ftex.def
File: l3backend-pdftex.def 2026-02-18 L3 backend support: PDF output (pdfTeX)
\l__color_backend_stack_int=\count418
)
(C:\Users\ghade\AppData\Local\Programs\MiKTeX1\tex/latex/bookmark\bkm-pdftex.de
f
File: bkm-pdftex.def 2026-05-21 v1.32 bookmark driver for pdfTeX (HO)
\BKM@id=\count419
))
(C:\Users\ghade\AppData\Local\Programs\MiKTeX1\tex/latex/amsmath\amsmath.sty
Package: amsmath 2026/05/19 v2.18d AMS math features
\@mathmargin=\skip187

For additional information on amsmath, use the `?' option.
(C:\Users\ghade\AppData\Local\Programs\MiKTeX1\tex/latex/amsmath\amstext.sty
Package: amstext 2024/11/17 v2.01 AMS text

(C:\Users\ghade\AppData\Local\Programs\MiKTeX1\tex/latex/amsmath\amsgen.sty
File: amsgen.sty 1999/11/30 v2.0 generic functions
\@emptytoks=\toks38
\ex@=\dimen351
)
LaTeX Info: Redefining \text on input line 28.
)
(C:\Users\ghade\AppData\Local\Programs\MiKTeX1\tex/latex/amsmath\amsbsy.sty
Package: amsbsy 1999/11/29 v1.2d Bold Symbols
\pmbraise@=\dimen352
)
(C:\Users\ghade\AppData\Local\Programs\MiKTeX1\tex/latex/amsmath\amsopn.sty
Package: amsopn 2022/04/08 v2.04 operator names
)
\inf@bad=\count420
LaTeX Info: Redefining \frac on input line 233.
\uproot@=\count421
\leftroot@=\count422
LaTeX Info: Redefining \overline on input line 398.
LaTeX Info: Redefining \colon on input line 409.
\classnum@=\count423
\DOTSCASE@=\count424
LaTeX Info: Redefining \ldots on input line 495.
LaTeX Info: Redefining \dots on input line 498.
LaTeX Info: Redefining \cdots on input line 619.
\Mathstrutbox@=\box99
\strutbox@=\box100
LaTeX Info: Redefining \big on input line 721.
LaTeX Info: Redefining \Big on input line 722.
LaTeX Info: Redefining \bigg on input line 723.
LaTeX Info: Redefining \Bigg on input line 724.
\big@size=\dimen353
LaTeX Font Info:    Redeclaring font encoding OML on input line 742.
LaTeX Font Info:    Redeclaring font encoding OMS on input line 743.
\macc@depth=\count425
LaTeX Info: Redefining \bmod on input line 904.
LaTeX Info: Redefining \pmod on input line 909.
LaTeX Info: Redefining \smash on input line 939.
LaTeX Info: Redefining \relbar on input line 969.
LaTeX Info: Redefining \Relbar on input line 970.
\c@MaxMatrixCols=\count426
\dotsspace@=\muskip18
\c@parentequation=\count427
\dspbrk@lvl=\count428
\tag@help=\toks39
\row@=\count429
\column@=\count430
\maxfields@=\count431
\andhelp@=\toks40
\eqnshift@=\dimen354
\alignsep@=\dimen355
\tagshift@=\dimen356
\tagwidth@=\dimen357
\totwidth@=\dimen358
\lineht@=\dimen359
\@envbody=\toks41
\multlinegap=\skip188
\multlinetaggap=\skip189
\mathdisplay@stack=\toks42
LaTeX Info: Redefining \[ on input line 2965.
LaTeX Info: Redefining \] on input line 2966.
)
(C:\Users\ghade\AppData\Local\Programs\MiKTeX1\tex/latex/cleveref\cleveref.sty
Package: cleveref 2018/03/27 v0.21.4 Intelligent cross-referencing
Package cleveref Info: `hyperref' support loaded on input line 2370.
LaTeX Info: Redefining \cref on input line 2370.
LaTeX Info: Redefining \Cref on input line 2370.
LaTeX Info: Redefining \crefrange on input line 2370.
LaTeX Info: Redefining \Crefrange on input line 2370.
LaTeX Info: Redefining \cpageref on input line 2370.
LaTeX Info: Redefining \Cpageref on input line 2370.
LaTeX Info: Redefining \cpagerefrange on input line 2370.
LaTeX Info: Redefining \Cpagerefrange on input line 2370.
LaTeX Info: Redefining \labelcref on input line 2370.
LaTeX Info: Redefining \labelcpageref on input line 2370.
Package cleveref Info: `amsthm' support loaded on input line 3026.
Package cleveref Info: always capitalise cross-reference names on input line 78
30.
Package cleveref Info: include cross-reference names in hyperlinks on input lin
e 7836.
Package cleveref Info: include cross-reference names in hyperlinks on input lin
e 7852.
Package cleveref Info: always capitalise cross-reference names on input line 78
52.
)
==> First Aid for cleveref.sty applied!
\@querywrite=\write4
(C:\Users\ghade\AppData\Local\Programs\MiKTeX1\tex/latex/natbib\natbib.sty
Package: natbib 2010/09/13 8.31b (PWD, AO)
\bibhang=\skip190
\bibsep=\skip191
LaTeX Info: Redefining \cite on input line 694.
\c@NAT@ctr=\count432
)
\quotebox=\box101
)
(C:\Users\ghade\AppData\Local\Programs\MiKTeX1\tex/latex/multirow\multirow.sty
Package: multirow 2024/11/12 v2.9 Span multiple rows of a table
\multirow@colwidth=\skip192
\multirow@cntb=\count433
\multirow@dima=\skip193
\bigstrutjot=\dimen360
) (C:\Users\ghade\AppData\Local\Programs\MiKTeX1\tex/latex/amsfonts\amsfonts.st
y
Package: amsfonts 2013/01/14 v3.01 Basic AMSFonts support
\symAMSa=\mathgroup6
\symAMSb=\mathgroup7
LaTeX Font Info:    Overwriting math alphabet `\mathfrak' in version `bold'
(Font)                  U/euf/m/n --> U/euf/b/n on input line 106.
) (C:\Users\ghade\AppData\Local\Programs\MiKTeX1\tex/latex/tools\array.sty
Package: array 2026/02/24 v2.7b Tabular extension package (FMi)
\col@sep=\dimen361
\ar@mcellbox=\box102
\extrarowheight=\dimen362
\NC@list=\toks43
\extratabsurround=\skip194
\backup@length=\skip195
\ar@cellbox=\box103
)
(C:\Users\ghade\AppData\Local\Programs\MiKTeX1\tex/latex/algorithmicx\algorithm
icx.sty
Package: algorithmicx 2005/04/27 v1.2 Algorithmicx

Document Style algorithmicx 1.2 - a greatly improved `algorithmic' style
\c@ALG@line=\count434
\c@ALG@rem=\count435
\c@ALG@nested=\count436
\ALG@tlm=\skip196
\ALG@thistlm=\skip197
\c@ALG@Lnr=\count437
\c@ALG@blocknr=\count438
\c@ALG@storecount=\count439
\c@ALG@tmpcounter=\count440
\ALG@tmplength=\skip198
) (C:\Users\ghade\AppData\Local\Programs\MiKTeX1\tex/latex/subfig\subfig.sty
Package: subfig 2005/06/28 ver: 1.3 subfig package

(C:\Users\ghade\AppData\Local\Programs\MiKTeX1\tex/latex/caption\caption.sty
Package: caption 2023/08/05 v3.6o Customizing captions (AR)

(C:\Users\ghade\AppData\Local\Programs\MiKTeX1\tex/latex/caption\caption3.sty
Package: caption3 2023/07/31 v2.4d caption3 kernel (AR)
\caption@tempdima=\dimen363
\captionmargin=\dimen364
\caption@leftmargin=\dimen365
\caption@rightmargin=\dimen366
\caption@width=\dimen367
\caption@indent=\dimen368
\caption@parindent=\dimen369
\caption@hangindent=\dimen370
Package caption Info: Unknown document class (or package),
(caption)             standard defaults will be used.
Package caption Info: \@makecaption = \long macro:#1#2->\ifx \FigName \@captype
 \@makefigurecaption {#1}{#2}\vskip 0pt \else \@maketablecaption {#1}{#2}\vskip
 \belowcaptionskip \fi  on input line 1175.
)

Package caption Warning: Unknown document class (or package),
(caption)                standard defaults will be used.
See the caption package documentation for explanation.

\c@caption@flags=\count441
\c@continuedfloat=\count442
Package caption Info: hyperref package is loaded.
Package caption Info: hypcap package is loaded.
Package caption Info: rotating package is loaded.
)
\c@KVtest=\count443
\sf@farskip=\skip199
\sf@captopadj=\dimen371
\sf@capskip=\skip256
\sf@nearskip=\skip257
\c@subfigure=\count444
\c@subfigure@save=\count445
\c@lofdepth=\count446
\c@subtable=\count447
\c@subtable@save=\count448
\c@lotdepth=\count449
\sf@top=\skip258
\sf@bottom=\skip259
)
(C:\Users\ghade\AppData\Local\Programs\MiKTeX1\tex/latex/jknappen\mathrsfs.sty
Package: mathrsfs 1996/01/01 Math RSFS package v1.0 (jk)
\symrsfs=\mathgroup8
)
(C:\Users\ghade\AppData\Local\Programs\MiKTeX1\tex/latex/doublestroke\dsfont.st
y
Package: dsfont 1995/08/01 v0.1 Double stroke roman fonts
) (C:\Users\ghade\AppData\Local\Programs\MiKTeX1\tex/latex/sttools\cuted.sty
Package: cuted 2025/12/15 v2.10 Mixing onecolumn and twocolumn modes (ST)
\At@ViperColsBreak=\toks44
\preCutedStrip=\toks45
\postCutedStrip=\toks46
\cuted@@tempbox@a=\box104
\cuted@@tempbox@c=\box105
\cuted@@tempbox@var=\box106
\hold@viper=\box107
\@viper=\box108
\cuted@@varbox@a=\box109
\cuted@@varbox@c=\box110
\cuted@@tempdim@spread=\dimen372
\cuted@@tempdim@a=\dimen373
\cuted@@tempdim@b=\dimen374
\ht@hold@viper=\dimen375
\ht@viper=\dimen376
\var@@pagediscards@ht=\dimen377
\stripsep=\skip260
\viper@penalty=\count450
\strip@page@discards=\dimen378
)
(C:\Users\ghade\AppData\Local\Programs\MiKTeX1\tex/latex/algorithms\algorithm.s
ty
Package: algorithm 2009/08/24 v0.1 Document Style `algorithm' - floating enviro
nment
 (C:\Users\ghade\AppData\Local\Programs\MiKTeX1\tex/latex/float\float.sty
Package: float 2001/11/08 v1.3d Float enhancements (AL)
\c@float@type=\count451
\float@exts=\toks47
\float@box=\box111
\@float@everytoks=\toks48
\@floatcapt=\box112
)
\@float@every@algorithm=\toks49
\c@algorithm=\count452
)
(C:\Users\ghade\AppData\Local\Programs\MiKTeX1\tex/latex/algorithmicx\algpseudo
code.sty
Package: algpseudocode 

Document Style - pseudocode environments for use with the `algorithmicx' style
)
(C:\Users\ghade\AppData\Local\Programs\MiKTeX1\tex/latex/makecell\makecell.sty
Package: makecell 2009/08/03 V0.1e Managing of Tab Column Heads and Cells
\rotheadsize=\dimen379
\c@nlinenum=\count453
\TeXr@lab=\toks50
)
LaTeX Font Info:    Trying to load font information for OT1+ptm on input line 2
8.
(C:\Users\ghade\AppData\Local\Programs\MiKTeX1\tex/latex/psnfss\ot1ptm.fd
File: ot1ptm.fd 2001/06/04 font definitions for OT1/ptm.
)
(pasguide.aux)
\openout1 = `pasguide.aux'.

LaTeX Font Info:    Checking defaults for OML/cmm/m/it on input line 28.
LaTeX Font Info:    ... okay on input line 28.
LaTeX Font Info:    Checking defaults for OMS/cmsy/m/n on input line 28.
LaTeX Font Info:    ... okay on input line 28.
LaTeX Font Info:    Checking defaults for OT1/cmr/m/n on input line 28.
LaTeX Font Info:    ... okay on input line 28.
LaTeX Font Info:    Checking defaults for T1/cmr/m/n on input line 28.
LaTeX Font Info:    ... okay on input line 28.
LaTeX Font Info:    Checking defaults for TS1/cmr/m/n on input line 28.
LaTeX Font Info:    ... okay on input line 28.
LaTeX Font Info:    Checking defaults for OMX/cmex/m/n on input line 28.
LaTeX Font Info:    ... okay on input line 28.
LaTeX Font Info:    Checking defaults for U/cmr/m/n on input line 28.
LaTeX Font Info:    ... okay on input line 28.
LaTeX Font Info:    Checking defaults for PD1/pdf/m/n on input line 28.
LaTeX Font Info:    ... okay on input line 28.
LaTeX Font Info:    Checking defaults for PU/pdf/m/n on input line 28.
LaTeX Font Info:    ... okay on input line 28.

(C:\Users\ghade\AppData\Local\Programs\MiKTeX1\tex/context/base/mkii\supp-pdf.m
kii
[Loading MPS to PDF converter (version 2006.09.02).]
\scratchcounter=\count454
\scratchdimen=\dimen380
\scratchbox=\box113
\nofMPsegments=\count455
\nofMParguments=\count456
\everyMPshowfont=\toks51
\MPscratchCnt=\count457
\MPscratchDim=\dimen381
\MPnumerator=\count458
\makeMPintoPDFobject=\count459
\everyMPtoPDFconversion=\toks52
)

Package hyperref Warning: Height of page (\paperheight) is invalid (0.0pt),
(hyperref)                using 11in.

Package hyperref Info: Link coloring ON on input line 28.
! I can't write on file `pasguide.pdf'.
(Press Enter to retry, or Control-C to exit; default file extension is `.pdf')
Please type another file name for output
! Emergency stop.
<to be read again> 
                   \edef 
l.28 \begin{document}
                     
*** (job aborted, file error in nonstop mode)

 
Here is how much of TeX's memory you used:
 16256 strings out of 467510
 259780 string characters out of 5408311
 704500 words of memory out of 5000000
 45293 multiletter control sequences out of 15000+600000
 629226 words of font info for 45 fonts, out of 8000000 for 9000
 1141 hyphenation exceptions out of 8191
 85i,0n,133p,2576b,154s stack positions out of 10000i,1000n,20000p,200000b,200000s
!  ==> Fatal error occurred, no output PDF file produced!
